กำลังเตรียม UV สำหรับลายผิว AI รอบตัว…
กำลังคลี่ UV (100,000 สามเหลี่ยม · 4096px)…
กำลังเตรียมข้อมูลผิวมุมที่ 1/6…
กำลังเตรียมข้อมูลผิวมุมที่ 2/6…
กำลังเตรียมข้อมูลผิวมุมที่ 3/6…
กำลังเตรียมข้อมูลผิวมุมที่ 4/6…
กำลังเตรียมข้อมูลผิวมุมที่ 5/6…
กำลังเตรียมข้อมูลผิวมุมที่ 6/6…
กำลังโหลด Hunyuan3D-Paint…
AI สร้างลายผิวรอบตัว · 1/30
AI สร้างลายผิวรอบตัว · 2/30
AI สร้างลายผิวรอบตัว · 3/30
AI สร้างลายผิวรอบตัว · 4/30
AI สร้างลายผิวรอบตัว · 5/30
AI สร้างลายผิวรอบตัว · 6/30
AI สร้างลายผิวรอบตัว · 7/30
AI สร้างลายผิวรอบตัว · 8/30
AI สร้างลายผิวรอบตัว · 9/30
AI สร้างลายผิวรอบตัว · 10/30
AI สร้างลายผิวรอบตัว · 11/30
AI สร้างลายผิวรอบตัว · 12/30
AI สร้างลายผิวรอบตัว · 13/30
AI สร้างลายผิวรอบตัว · 14/30
AI สร้างลายผิวรอบตัว · 15/30
AI สร้างลายผิวรอบตัว · 16/30
AI สร้างลายผิวรอบตัว · 17/30
AI สร้างลายผิวรอบตัว · 18/30
AI สร้างลายผิวรอบตัว · 19/30
AI สร้างลายผิวรอบตัว · 20/30
AI สร้างลายผิวรอบตัว · 21/30
AI สร้างลายผิวรอบตัว · 22/30
AI สร้างลายผิวรอบตัว · 23/30
AI สร้างลายผิวรอบตัว · 24/30
AI สร้างลายผิวรอบตัว · 25/30
AI สร้างลายผิวรอบตัว · 26/30
AI สร้างลายผิวรอบตัว · 27/30
AI สร้างลายผิวรอบตัว · 28/30
AI สร้างลายผิวรอบตัว · 29/30
AI สร้างลายผิวรอบตัว · 30/30
กำลังอบลายผิว AI ลง UV texture…
Dense: prepare cameras
Dense: align original
Dense: align right
Dense: align back
Dense: align left
Dense: sample atlas
Dense: pad atlas
สร้างลายผิว AI และส่งออกสำเร็จ
